// Jest Snapshot v1, https://goo.gl/fbAQLP

exports[`Input text 1`] = `
<input
  className="input"
  type="text"
/>
`;
