// Jest Snapshot v1, https://goo.gl/fbAQLP

exports[`renders 1`] = `
<div>
  <Indicators />
  <BulletPoints
    isEmpty={true}
    passwordStrength={Object {}}
  />
</div>
`;
