// Jest Snapshot v1, https://goo.gl/fbAQLP

exports[`Label 1`] = `
<label
  className="label"
>
  Full Name
</label>
`;
